[www.optivue.in/index.html]
[www.optivue.in/_next/static/media/569ce4b8f30dc480-s.p.woff2]
[www.optivue.in/_next/static/media/93f479601ee12b01-s.p.woff2]
[www.optivue.in/_next/static/css/2457efed91a6dad2.css]
[www.optivue.in/_next/static/chunks/webpack-df70cda71feca323.js]
[www.optivue.in/_next/static/chunks/4bd1b696-c7eeac9c5f87815f.js]
[www.optivue.in/_next/static/chunks/684-d5850dbdcaf2f13b.js]
[www.optivue.in/_next/static/chunks/main-app-559effcd41f468be.js]
[www.optivue.in/_next/static/chunks/c857e369-993bd47bf655eaf2.js]
[www.optivue.in/_next/static/chunks/461-8cc06452ceeb77c6.js]
[www.optivue.in/_next/static/chunks/app/layout-c1325a229bafea21.js]
[www.optivue.in/_next/static/chunks/328-b25a2996a924629e.js]
[backblue.gif]
[fade.gif]
[index.html]
[www.optivue.in/_next/static/chunks/app/page-5797db880fc75ce1.js]
[www.optivue.in/favicon.ico]
[www.optivue.in/_next/static/chunks/polyfills-42372ed130431b0a.js]
[www.optivue.in/_next/image11665.webp]
[www.optivue.in/index.html]
[www.optivue.in/_next/static/media/8d697b304b401681-s.woff2]
[www.optivue.in/_next/static/media/ba015fad6dcf6784-s.woff2]
[www.optivue.in/_next/static/media/9610d9e46709d722-s.woff2]
[www.optivue.in/_next/static/media/747892c23ea88013-s.woff2]
[www.optivue.in/_next/static/css/2457efed91a6dad2.css]
